[
  {
    "as_path": [
      15169
    ],
    "community": [
      "8714,65010",
      "8714,65012"
    ],
    "large_community": [
      "8714, 1000, 1",
      "8714, 1001, 2"
    ],
    "local_pref": 200,
    "next_hop": "195.66.224.125",
    "prefix": "8.8.8.0/24"
  },
  {
    "as_path": [
      15169
    ],
    "community": [
      "8714,65010",
      "8714,65012"
    ],
    "large_community": [
      "8714, 1000, 1",
      "8714, 1001, 2"
    ],
    "local_pref": 200,
    "next_hop": "195.66.224.125",
    "prefix": "8.8.8.0/24"
  },
  {
    "as_path": [
      34309,
      15169
    ],
    "community": [
      "8714,65010",
      "8714,65012",
      "34309,2100",
      "34309,2140",
      "34309,2300",
      "34309,2313",
      "34309,2402"
    ],
    "large_community": [
      "8714, 1000, 1",
      "8714, 1001, 2"
    ],
    "local_pref": 100,
    "next_hop": "80.95.152.37",
    "prefix": "8.8.8.0/24"
  },
  {
    "as_path": [
      3223,
      15169
    ],
    "community": [
      "0,0",
      "3223,888"
    ],
    "large_community": null,
    "local_pref": 100,
    "next_hop": "5.254.78.209",
    "prefix": "8.8.8.0/24"
  },
  {
    "as_path": [
      3223,
      2914,
      6453,
      15169
    ],
    "community": [
      "0,0",
      "3223,888"
    ],
    "large_community": null,
    "local_pref": 100,
    "next_hop": "185.242.206.17",
    "prefix": "8.8.8.0/24"
  }
]