[
  {
    "as_path": [
      13335
    ],
    "community": [
      "13335,10021",
      "13335,19020",
      "13335,20050",
      "13335,20500",
      "13335,20530"
    ],
    "large_community": null,
    "local_pref": 200,
    "next_hop": "195.66.225.179",
    "prefix": "1.1.1.0/24"
  },
  {
    "as_path": [
      13335
    ],
    "community": [
      "13335,10021",
      "13335,19020",
      "13335,20050",
      "13335,20500",
      "13335,20530"
    ],
    "large_community": null,
    "local_pref": 200,
    "next_hop": "195.66.225.179",
    "prefix": "1.1.1.0/24"
  },
  {
    "as_path": [
      3223,
      13335
    ],
    "community": [
      "0,0",
      "3223,888"
    ],
    "large_community": null,
    "local_pref": 100,
    "next_hop": "5.254.78.209",
    "prefix": "1.1.1.0/24"
  },
  {
    "as_path": [
      34309,
      13335
    ],
    "community": [
      "13335,10021",
      "13335,19020",
      "13335,20050",
      "13335,20500",
      "13335,20530",
      "34309,2100",
      "34309,2140",
      "34309,2300",
      "34309,2313",
      "34309,2402"
    ],
    "large_community": null,
    "local_pref": 100,
    "next_hop": "80.95.152.37",
    "prefix": "1.1.1.0/24"
  },
  {
    "as_path": [
      3223,
      2914,
      13335
    ],
    "community": [
      "0,0",
      "3223,888"
    ],
    "large_community": null,
    "local_pref": 100,
    "next_hop": "185.242.206.17",
    "prefix": "1.1.1.0/24"
  }
]